/Users/katali/Desktop/TeknasyonAppiumQAFramework/src/test/java/pages/BasePage.java
/Users/katali/Desktop/TeknasyonAppiumQAFramework/src/test/java/driver/AndroidDriverFactory.java
/Users/katali/Desktop/TeknasyonAppiumQAFramework/src/test/java/driver/IOSDriverFactory.java
/Users/katali/Desktop/TeknasyonAppiumQAFramework/src/test/java/stepdefinations/ContextMenuStep.java
/Users/katali/Desktop/TeknasyonAppiumQAFramework/src/test/java/pages/CommonPage.java
/Users/katali/Desktop/TeknasyonAppiumQAFramework/src/test/java/stepdefinations/Hooks.java
/Users/katali/Desktop/TeknasyonAppiumQAFramework/src/test/java/pages/DialogSelectionPage.java
/Users/katali/Desktop/TeknasyonAppiumQAFramework/src/test/java/stepdefinations/DialogSelectionStep.java
/Users/katali/Desktop/TeknasyonAppiumQAFramework/src/test/java/pages/ContextMenuPage.java
/Users/katali/Desktop/TeknasyonAppiumQAFramework/src/test/java/stepdefinations/CustomTitleUpdateStep.java
/Users/katali/Desktop/TeknasyonAppiumQAFramework/src/test/java/runners/TestRunner.java
/Users/katali/Desktop/TeknasyonAppiumQAFramework/src/test/java/pages/CustomTitleUpdatePage.java
/Users/katali/Desktop/TeknasyonAppiumQAFramework/src/test/java/config/AppSettings.java
/Users/katali/Desktop/TeknasyonAppiumQAFramework/src/test/java/driver/DriverManager.java
/Users/katali/Desktop/TeknasyonAppiumQAFramework/src/test/java/driver/DriverFactory.java
/Users/katali/Desktop/TeknasyonAppiumQAFramework/src/test/java/stepdefinations/CommonSteps.java
